// Jest Snapshot v1, https://goo.gl/fbAQLP

exports[`<App /> renders the Container 1`] = `
<styled.div>
  <Alo />
</styled.div>
`;
